 Documenting logos-cli v0.1.0 (/app/crates/logos-cli)
 Documenting logos-runtime v0.1.0 (/app/crates/logos-runtime)
 Documenting logos-store-pg v0.1.0 (/app/crates/logos-store-pg)
 Documenting logos-tui v0.1.0 (/app/crates/logos-tui)
error: missing documentation for an enum
 --> crates/logos-runtime/src/error/mod.rs:7:1
  |
7 | pub enum RuntimeError {
  | ^^^^^^^^^^^^^^^^^^^^^
  |
  = note: requested on the command line with `-D missing-docs`

error: missing documentation for a variant
 --> crates/logos-runtime/src/error/mod.rs:8:5
  |
8 |     Store(StoreError),
  |     ^^^^^

error: missing documentation for a variant
 --> crates/logos-runtime/src/error/mod.rs:9:5
  |
9 |     Import(ImportError),
  |     ^^^^^^

error: missing documentation for a variant
  --> crates/logos-runtime/src/error/mod.rs:10:5
   |
10 |     Domain(logos_core::DomainError),
   |     ^^^^^^

error: missing documentation for a variant
  --> crates/logos-runtime/src/error/mod.rs:11:5
   |
11 |     Analytics { message: String },
   |     ^^^^^^^^^

error: missing documentation for a struct field
  --> crates/logos-runtime/src/error/mod.rs:11:17
   |
11 |     Analytics { message: String },
   |                 ^^^^^^^^^^^^^^^

error: missing documentation for a variant
  --> crates/logos-runtime/src/error/mod.rs:12:5
   |
12 |     Initialization { message: String },
   |     ^^^^^^^^^^^^^^

error: missing documentation for a struct field
  --> crates/logos-runtime/src/error/mod.rs:12:22
   |
12 |     Initialization { message: String },
   |                      ^^^^^^^^^^^^^^^

error: missing documentation for a struct
  --> crates/logos-runtime/src/models/mod.rs:27:1
   |
27 | pub struct MonthReconciliation {
   | ^^^^^^^^^^^^^^^^^^^^^^^^^^^^^^

error: missing documentation for a struct
  --> crates/logos-runtime/src/models/mod.rs:59:1
   |
59 | pub struct MonthAutopilotRequest {
   | ^^^^^^^^^^^^^^^^^^^^^^^^^^^^^^^^

error: missing documentation for a struct
  --> crates/logos-runtime/src/models/mod.rs:72:1
   |
72 | pub struct MonthAutopilotSummary {
   | ^^^^^^^^^^^^^^^^^^^^^^^^^^^^^^^^

error: missing documentation for a type alias
  --> crates/logos-runtime/src/models/mod.rs:83:1
   |
83 | pub type PdfImportSummary = ImportSummary;
   | ^^^^^^^^^^^^^^^^^^^^^^^^^

error: missing documentation for a type alias
  --> crates/logos-runtime/src/models/mod.rs:84:1
   |
84 | pub type CsvImportSummary = ImportSummary;
   | ^^^^^^^^^^^^^^^^^^^^^^^^^

error: missing documentation for an associated function
  --> crates/logos-runtime/src/models/mod.rs:88:5
   |
88 |     pub const fn new(imported_count: usize, duplicate_count: usize, dry_run: bool) -> Self {
   |     ^^^^^^^^^^^^^^^^^^^^^^^^^^^^^^^^^^^^^^^^^^^^^^^^^^^^^^^^^^^^^^^^^^^^^^^^^^^^^^^^^^^^^^

error: missing documentation for a method
  --> crates/logos-runtime/src/models/mod.rs:97:5
   |
97 |     pub const fn imported_count(&self) -> usize {
   |     ^^^^^^^^^^^^^^^^^^^^^^^^^^^^^^^^^^^^^^^^^^^

error: missing documentation for a method
   --> crates/logos-runtime/src/models/mod.rs:102:5
    |
102 |     pub const fn duplicate_count(&self) -> usize {
    |     ^^^^^^^^^^^^^^^^^^^^^^^^^^^^^^^^^^^^^^^^^^^^

error: missing documentation for a method
   --> crates/logos-runtime/src/models/mod.rs:107:5
    |
107 |     pub const fn dry_run(&self) -> bool {
    |     ^^^^^^^^^^^^^^^^^^^^^^^^^^^^^^^^^^^

error: missing documentation for an associated function
   --> crates/logos-runtime/src/models/mod.rs:114:5
    |
114 |     pub fn new(month_key: &str, checking_account: &str) -> Self {
    |     ^^^^^^^^^^^^^^^^^^^^^^^^^^^^^^^^^^^^^^^^^^^^^^^^^^^^^^^^^^^

error: missing documentation for a method
   --> crates/logos-runtime/src/models/mod.rs:129:5
    |
129 |     pub fn with_statement_pdf(mut self, path: impl AsRef<Path>) -> Self {
    |     ^^^^^^^^^^^^^^^^^^^^^^^^^^^^^^^^^^^^^^^^^^^^^^^^^^^^^^^^^^^^^^^^^^^

error: missing documentation for a method
   --> crates/logos-runtime/src/models/mod.rs:135:5
    |
135 | /     pub const fn with_balances(
136 | |         mut self,
137 | |         opening_balance_cents: i64,
138 | |         closing_balance_cents: i64,
139 | |     ) -> Self {
    | |_____________^

error: missing documentation for a method
   --> crates/logos-runtime/src/models/mod.rs:146:5
    |
146 |     pub const fn with_ocr(mut self, enable_ocr: bool) -> Self {
    |     ^^^^^^^^^^^^^^^^^^^^^^^^^^^^^^^^^^^^^^^^^^^^^^^^^^^^^^^^^

error: missing documentation for a method
   --> crates/logos-runtime/src/models/mod.rs:152:5
    |
152 |     pub const fn with_allow_variance(mut self, allow_variance: bool) -> Self {
    |     ^^^^^^^^^^^^^^^^^^^^^^^^^^^^^^^^^^^^^^^^^^^^^^^^^^^^^^^^^^^^^^^^^^^^^^^^

error: missing documentation for a method
   --> crates/logos-runtime/src/models/mod.rs:158:5
    |
158 |     pub fn with_analytics_artifact_id(mut self, artifact_id: &str) -> Self {
    |     ^^^^^^^^^^^^^^^^^^^^^^^^^^^^^^^^^^^^^^^^^^^^^^^^^^^^^^^^^^^^^^^^^^^^^^

error: missing documentation for a method
   --> crates/logos-runtime/src/models/mod.rs:164:5
    |
164 |     pub const fn with_confirm_close(mut self, confirm_close: bool) -> Self {
    |     ^^^^^^^^^^^^^^^^^^^^^^^^^^^^^^^^^^^^^^^^^^^^^^^^^^^^^^^^^^^^^^^^^^^^^^

error: missing documentation for a method
   --> crates/logos-runtime/src/models/mod.rs:170:5
    |
170 |     pub fn month_key(&self) -> &str {
    |     ^^^^^^^^^^^^^^^^^^^^^^^^^^^^^^^

error: missing documentation for a method
   --> crates/logos-runtime/src/models/mod.rs:175:5
    |
175 |     pub fn checking_account(&self) -> &str {
    |     ^^^^^^^^^^^^^^^^^^^^^^^^^^^^^^^^^^^^^^

error: missing documentation for a method
   --> crates/logos-runtime/src/models/mod.rs:180:5
    |
180 |     pub const fn opening_balance_cents(&self) -> Option<i64> {
    |     ^^^^^^^^^^^^^^^^^^^^^^^^^^^^^^^^^^^^^^^^^^^^^^^^^^^^^^^^

error: missing documentation for a method
   --> crates/logos-runtime/src/models/mod.rs:185:5
    |
185 |     pub const fn closing_balance_cents(&self) -> Option<i64> {
    |     ^^^^^^^^^^^^^^^^^^^^^^^^^^^^^^^^^^^^^^^^^^^^^^^^^^^^^^^^

error: missing documentation for a method
   --> crates/logos-runtime/src/models/mod.rs:190:5
    |
190 |     pub const fn statement_pdf_path(&self) -> Option<&PathBuf> {
    |     ^^^^^^^^^^^^^^^^^^^^^^^^^^^^^^^^^^^^^^^^^^^^^^^^^^^^^^^^^^

error: missing documentation for a method
   --> crates/logos-runtime/src/models/mod.rs:195:5
    |
195 |     pub const fn enable_ocr(&self) -> bool {
    |     ^^^^^^^^^^^^^^^^^^^^^^^^^^^^^^^^^^^^^^

error: missing documentation for a method
   --> crates/logos-runtime/src/models/mod.rs:200:5
    |
200 |     pub const fn allow_variance(&self) -> bool {
    |     ^^^^^^^^^^^^^^^^^^^^^^^^^^^^^^^^^^^^^^^^^^

error: missing documentation for a method
   --> crates/logos-runtime/src/models/mod.rs:205:5
    |
205 |     pub fn analytics_artifact_id(&self) -> Option<&str> {
    |     ^^^^^^^^^^^^^^^^^^^^^^^^^^^^^^^^^^^^^^^^^^^^^^^^^^^

error: missing documentation for a method
   --> crates/logos-runtime/src/models/mod.rs:210:5
    |
210 |     pub const fn confirm_close(&self) -> bool {
    |     ^^^^^^^^^^^^^^^^^^^^^^^^^^^^^^^^^^^^^^^^^

error: missing documentation for an associated function
   --> crates/logos-runtime/src/models/mod.rs:218:5
    |
218 | /     pub fn new(
219 | |         month_key: &str,
220 | |         checking_account: &str,
221 | |         imported_count: usize,
...   |
226 | |         close: StoredMonthClose,
227 | |     ) -> Self {
    | |_____________^

error: missing documentation for a method
   --> crates/logos-runtime/src/models/mod.rs:241:5
    |
241 |     pub fn month_key(&self) -> &str {
    |     ^^^^^^^^^^^^^^^^^^^^^^^^^^^^^^^

error: missing documentation for a method
   --> crates/logos-runtime/src/models/mod.rs:246:5
    |
246 |     pub fn checking_account(&self) -> &str {
    |     ^^^^^^^^^^^^^^^^^^^^^^^^^^^^^^^^^^^^^^

error: missing documentation for a method
   --> crates/logos-runtime/src/models/mod.rs:251:5
    |
251 |     pub const fn imported_count(&self) -> usize {
    |     ^^^^^^^^^^^^^^^^^^^^^^^^^^^^^^^^^^^^^^^^^^^

error: missing documentation for a method
   --> crates/logos-runtime/src/models/mod.rs:256:5
    |
256 |     pub const fn duplicate_count(&self) -> usize {
    |     ^^^^^^^^^^^^^^^^^^^^^^^^^^^^^^^^^^^^^^^^^^^^

error: missing documentation for a method
   --> crates/logos-runtime/src/models/mod.rs:261:5
    |
261 |     pub fn fetch_runs(&self) -> &[StoredFetchRun] {
    |     ^^^^^^^^^^^^^^^^^^^^^^^^^^^^^^^^^^^^^^^^^^^^^

error: missing documentation for a method
   --> crates/logos-runtime/src/models/mod.rs:266:5
    |
266 |     pub const fn reconciliation_run(&self) -> &StoredReconciliationRun {
    |     ^^^^^^^^^^^^^^^^^^^^^^^^^^^^^^^^^^^^^^^^^^^^^^^^^^^^^^^^^^^^^^^^^^

error: missing documentation for a method
   --> crates/logos-runtime/src/models/mod.rs:271:5
    |
271 |     pub const fn report(&self) -> &MonthReport {
    |     ^^^^^^^^^^^^^^^^^^^^^^^^^^^^^^^^^^^^^^^^^^

error: missing documentation for a method
   --> crates/logos-runtime/src/models/mod.rs:276:5
    |
276 |     pub const fn close(&self) -> &StoredMonthClose {
    |     ^^^^^^^^^^^^^^^^^^^^^^^^^^^^^^^^^^^^^^^^^^^^^^

error: missing documentation for an associated function
   --> crates/logos-runtime/src/models/mod.rs:283:5
    |
283 | /     pub const fn new(
284 | |         checking_balance_cents: i64,
285 | |         income_cents: i64,
286 | |         expense_cents: i64,
287 | |         cashflow_cents: i64,
288 | |     ) -> Self {
    | |_____________^

error: missing documentation for a method
   --> crates/logos-runtime/src/models/mod.rs:298:5
    |
298 |     pub const fn checking_balance_cents(&self) -> i64 {
    |     ^^^^^^^^^^^^^^^^^^^^^^^^^^^^^^^^^^^^^^^^^^^^^^^^^

error: missing documentation for a method
   --> crates/logos-runtime/src/models/mod.rs:303:5
    |
303 |     pub const fn income_cents(&self) -> i64 {
    |     ^^^^^^^^^^^^^^^^^^^^^^^^^^^^^^^^^^^^^^^

error: missing documentation for a method
   --> crates/logos-runtime/src/models/mod.rs:308:5
    |
308 |     pub const fn expense_cents(&self) -> i64 {
    |     ^^^^^^^^^^^^^^^^^^^^^^^^^^^^^^^^^^^^^^^^

error: missing documentation for a method
   --> crates/logos-runtime/src/models/mod.rs:313:5
    |
313 |     pub const fn cashflow_cents(&self) -> i64 {
    |     ^^^^^^^^^^^^^^^^^^^^^^^^^^^^^^^^^^^^^^^^^

error: missing documentation for an associated function
   --> crates/logos-runtime/src/models/mod.rs:321:5
    |
321 | /     pub const fn new(
322 | |         ledger_delta_cents: i64,
323 | |         expected_closing_balance_cents: i64,
324 | |         statement_closing_balance_cents: i64,
...   |
329 | |         outflow_cents: i64,
330 | |     ) -> Self {
    | |_____________^

error: missing documentation for a method
   --> crates/logos-runtime/src/models/mod.rs:344:5
    |
344 |     pub const fn ledger_delta_cents(&self) -> i64 {
    |     ^^^^^^^^^^^^^^^^^^^^^^^^^^^^^^^^^^^^^^^^^^^^^

error: missing documentation for a method
   --> crates/logos-runtime/src/models/mod.rs:349:5
    |
349 |     pub const fn expected_closing_balance_cents(&self) -> i64 {
    |     ^^^^^^^^^^^^^^^^^^^^^^^^^^^^^^^^^^^^^^^^^^^^^^^^^^^^^^^^^

error: missing documentation for a method
   --> crates/logos-runtime/src/models/mod.rs:354:5
    |
354 |     pub const fn statement_closing_balance_cents(&self) -> i64 {
    |     ^^^^^^^^^^^^^^^^^^^^^^^^^^^^^^^^^^^^^^^^^^^^^^^^^^^^^^^^^^

error: missing documentation for a method
   --> crates/logos-runtime/src/models/mod.rs:359:5
    |
359 |     pub const fn variance_cents(&self) -> i64 {
    |     ^^^^^^^^^^^^^^^^^^^^^^^^^^^^^^^^^^^^^^^^^

error: missing documentation for a method
   --> crates/logos-runtime/src/models/mod.rs:364:5
    |
364 |     pub const fn is_reconciled(&self) -> bool {
    |     ^^^^^^^^^^^^^^^^^^^^^^^^^^^^^^^^^^^^^^^^^

error: missing documentation for a method
   --> crates/logos-runtime/src/models/mod.rs:369:5
    |
369 |     pub const fn matched_postings(&self) -> usize {
    |     ^^^^^^^^^^^^^^^^^^^^^^^^^^^^^^^^^^^^^^^^^^^^^

error: missing documentation for a method
   --> crates/logos-runtime/src/models/mod.rs:374:5
    |
374 |     pub const fn inflow_cents(&self) -> i64 {
    |     ^^^^^^^^^^^^^^^^^^^^^^^^^^^^^^^^^^^^^^^

error: missing documentation for a method
   --> crates/logos-runtime/src/models/mod.rs:379:5
    |
379 |     pub const fn outflow_cents(&self) -> i64 {
    |     ^^^^^^^^^^^^^^^^^^^^^^^^^^^^^^^^^^^^^^^^

error: missing documentation for a struct
  --> crates/logos-runtime/src/runtime/mod.rs:60:1
   |
60 | pub struct AppRuntime<S> {
   | ^^^^^^^^^^^^^^^^^^^^^^^^

error: missing documentation for an associated function
  --> crates/logos-runtime/src/runtime/mod.rs:70:5
   |
70 | /     pub const fn with_store(
71 | |         store: S,
72 | |         artifacts_root: PathBuf,
73 | |         fetch_config_path: Option<PathBuf>,
74 | |     ) -> Self {
   | |_____________^

error: missing documentation for an associated function
  --> crates/logos-runtime/src/runtime/mod.rs:87:5
   |
87 |     pub fn new_in_memory() -> Self {
   |     ^^^^^^^^^^^^^^^^^^^^^^^^^^^^^^

error: missing documentation for an associated function
  --> crates/logos-runtime/src/runtime/mod.rs:99:5
   |
99 |     pub fn current_month_key_local() -> String {
   |     ^^^^^^^^^^^^^^^^^^^^^^^^^^^^^^^^^^^^^^^^^^

error: missing documentation for an associated function
   --> crates/logos-runtime/src/runtime/mod.rs:103:5
    |
103 |     pub fn current_month_key_utc() -> String {
    |     ^^^^^^^^^^^^^^^^^^^^^^^^^^^^^^^^^^^^^^^^

error: missing documentation for an associated function
   --> crates/logos-runtime/src/runtime/mod.rs:113:5
    |
113 |     pub const fn default_analytics_schema_version() -> i64 {
    |     ^^^^^^^^^^^^^^^^^^^^^^^^^^^^^^^^^^^^^^^^^^^^^^^^^^^^^^

error: missing documentation for a method
   --> crates/logos-runtime/src/runtime/mod.rs:161:5
    |
161 |     pub fn transaction_exists(&self, id: &TransactionId) -> bool {
    |     ^^^^^^^^^^^^^^^^^^^^^^^^^^^^^^^^^^^^^^^^^^^^^^^^^^^^^^^^^^^^

error: missing documentation for a method
   --> crates/logos-runtime/src/runtime/mod.rs:181:5
    |
181 |     pub fn register_balance_for(&self, account: &str) -> i64 {
    |     ^^^^^^^^^^^^^^^^^^^^^^^^^^^^^^^^^^^^^^^^^^^^^^^^^^^^^^^^

error: missing documentation for a method
   --> crates/logos-runtime/src/runtime/mod.rs:193:5
    |
193 |     pub fn budget_variance_for(&self, budget_cents: i64, expense_account_prefix: &str) -> i64 {
    |     ^^^^^^^^^^^^^^^^^^^^^^^^^^^^^^^^^^^^^^^^^^^^^^^^^^^^^^^^^^^^^^^^^^^^^^^^^^^^^^^^^^^^^^^^^

error: missing documentation for a method
   --> crates/logos-runtime/src/runtime/mod.rs:230:5
    |
230 | /     pub fn budget_target_for_month(
231 | |         &self,
232 | |         month_key: &str,
233 | |         expense_account_prefix: &str,
234 | |     ) -> Option<i64> {
    | |____________________^

error: missing documentation for a method
   --> crates/logos-runtime/src/runtime/mod.rs:241:5
    |
241 | /     pub fn budget_variance_for_month(
242 | |         &self,
243 | |         month_key: &str,
244 | |         budget_cents: i64,
245 | |         expense_account_prefix: &str,
246 | |     ) -> i64 {
    | |____________^

error: missing documentation for a method
   --> crates/logos-runtime/src/runtime/mod.rs:295:5
    |
295 | /     pub fn reconcile_month_for(
296 | |         &self,
297 | |         checking_account: &str,
298 | |         month_key: &str,
299 | |         opening_balance_cents: i64,
300 | |         closing_balance_cents: i64,
301 | |     ) -> MonthReconciliation {
    | |____________________________^

error: missing documentation for a method
   --> crates/logos-runtime/src/runtime/mod.rs:386:5
    |
386 |     pub fn reconciliation_run_count(&self) -> usize {
    |     ^^^^^^^^^^^^^^^^^^^^^^^^^^^^^^^^^^^^^^^^^^^^^^^

error: missing documentation for the crate
  --> crates/logos-tui/src/lib.rs:1:1
   |
 1 | / pub(crate) mod app;
 2 | | pub use app::civil_from_days;
 3 | | pub(crate) mod terminal;
 4 | | pub(crate) mod ui;
...  |
15 | |     key_event_to_app_char, key_event_to_app_input, runtime_unavailable...
16 | | };
   | |__^
   |
   = note: requested on the command line with `-D missing-docs`

error: missing documentation for a method
   --> crates/logos-runtime/src/runtime/mod.rs:391:5
    |
391 |     pub fn reconciliation_run(&self, run_id: &str) -> Option<StoredReconciliationRun> {
    |     ^^^^^^^^^^^^^^^^^^^^^^^^^^^^^^^^^^^^^^^^^^^^^^^^^^^^^^^^^^^^^^^^^^^^^^^^^^^^^^^^^

error: missing documentation for a method
   --> crates/logos-runtime/src/runtime/mod.rs:396:5
    |
396 | /     pub fn list_reconciliation_runs(
397 | |         &self,
398 | |         month_key: Option<&str>,
399 | |         checking_account: Option<&str>,
400 | |     ) -> Vec<StoredReconciliationRun> {
    | |_____________________________________^

error: missing documentation for a method
   --> crates/logos-runtime/src/runtime/mod.rs:418:5
    |
418 |     pub fn fetch_run(&self, run_id: &str) -> Option<StoredFetchRun> {
    |     ^^^^^^^^^^^^^^^^^^^^^^^^^^^^^^^^^^^^^^^^^^^^^^^^^^^^^^^^^^^^^^^

error: missing documentation for a method
   --> crates/logos-runtime/src/runtime/mod.rs:423:5
    |
423 | /     pub fn list_fetch_runs(
424 | |         &self,
425 | |         month_key: Option<&str>,
426 | |         checking_account: Option<&str>,
427 | |     ) -> Vec<StoredFetchRun> {
    | |____________________________^

error: missing documentation for a method
   --> crates/logos-runtime/src/runtime/mod.rs:467:5
    |
467 | /     pub fn month_close_for_scope(
468 | |         &self,
469 | |         month_key: &str,
470 | |         checking_account: &str,
471 | |     ) -> Option<StoredMonthClose> {
    | |_________________________________^

error: missing documentation for a method
    --> crates/logos-runtime/src/runtime/mod.rs:1182:5
     |
1182 |     pub const fn imported_record_count(&self) -> usize {
     |     ^^^^^^^^^^^^^^^^^^^^^^^^^^^^^^^^^^^^^^^^^^^^^^^^^^

error: missing documentation for a method
    --> crates/logos-runtime/src/runtime/mod.rs:1187:5
     |
1187 |     pub fn statement_lines_for_reconciliation_run(&self, run_id: &str) -> Vec<StoredStatementLine> {
     |     ^^^^^^^^^^^^^^^^^^^^^^^^^^^^^^^^^^^^^^^^^^^^^^^^^^^^^^^^^^^^^^^^^^^^^^^^^^^^^^^^^^^^^^^^^^^^^^

error: missing documentation for a method
    --> crates/logos-runtime/src/runtime/mod.rs:1244:5
     |
1244 |     pub fn list_analytics_snapshots(&self) -> Vec<StoredAnalyticsArtifactManifest> {
     |     ^^^^^^^^^^^^^^^^^^^^^^^^^^^^^^^^^^^^^^^^^^^^^^^^^^^^^^^^^^^^^^^^^^^^^^^^^^^^^^

error: missing documentation for a method
    --> crates/logos-runtime/src/runtime/mod.rs:1256:5
     |
1256 | /     pub fn get_analytics_snapshot(
1257 | |         &self,
1258 | |         artifact_id: &str,
1259 | |     ) -> Option<StoredAnalyticsArtifactManifest> {
     | |________________________________________________^

error: missing documentation for a method
    --> crates/logos-runtime/src/runtime/mod.rs:1279:5
     |
1279 |     pub fn latest_correction_target(&self) -> Option<TransactionId> {
     |     ^^^^^^^^^^^^^^^^^^^^^^^^^^^^^^^^^^^^^^^^^^^^^^^^^^^^^^^^^^^^^^^

error: missing documentation for a function
    --> crates/logos-runtime/src/runtime/mod.rs:1393:1
     |
1393 | pub fn default_artifacts_root(state_root: &Path) -> PathBuf {
     | ^^^^^^^^^^^^^^^^^^^^^^^^^^^^^^^^^^^^^^^^^^^^^^^^^^^^^^^^^^^

error: missing documentation for a function
    --> crates/logos-runtime/src/runtime/mod.rs:1402:1
     |
1402 | pub fn default_fetch_config_path(state_root: &Path) -> PathBuf {
     | ^^^^^^^^^^^^^^^^^^^^^^^^^^^^^^^^^^^^^^^^^^^^^^^^^^^^^^^^^^^^^^

error: missing documentation for a function
    --> crates/logos-runtime/src/runtime/mod.rs:1411:1
     |
1411 | pub fn default_state_root() -> PathBuf {
     | ^^^^^^^^^^^^^^^^^^^^^^^^^^^^^^^^^^^^^^

error: missing documentation for an enum
  --> crates/logos-tui/src/app.rs:22:1
   |
22 | pub enum View {
   | ^^^^^^^^^^^^^

error: missing documentation for a variant
  --> crates/logos-tui/src/app.rs:23:5
   |
23 |     Home,
   |     ^^^^

error: missing documentation for a variant
  --> crates/logos-tui/src/app.rs:24:5
   |
24 |     Budget,
   |     ^^^^^^

error: missing documentation for a variant
  --> crates/logos-tui/src/app.rs:25:5
   |
25 |     Register,
   |     ^^^^^^^^

error: missing documentation for a variant
  --> crates/logos-tui/src/app.rs:26:5
   |
26 |     Rsu,
   |     ^^^

error: missing documentation for a variant
  --> crates/logos-tui/src/app.rs:27:5
   |
27 |     Reconcile,
   |     ^^^^^^^^^

error: missing documentation for an enum
  --> crates/logos-tui/src/app.rs:31:1
   |
31 | pub enum AppInput {
   | ^^^^^^^^^^^^^^^^^

error: missing documentation for a variant
  --> crates/logos-tui/src/app.rs:32:5
   |
32 |     Char(char),
   |     ^^^^

error: missing documentation for a variant
  --> crates/logos-tui/src/app.rs:33:5
   |
33 |     Next,
   |     ^^^^

error: missing documentation for a variant
  --> crates/logos-tui/src/app.rs:34:5
   |
34 |     Prev,
   |     ^^^^

error: missing documentation for a variant
  --> crates/logos-tui/src/app.rs:35:5
   |
35 |     NextView,
   |     ^^^^^^^^

error: missing documentation for a variant
  --> crates/logos-tui/src/app.rs:36:5
   |
36 |     PrevView,
   |     ^^^^^^^^

error: missing documentation for a variant
  --> crates/logos-tui/src/app.rs:37:5
   |
37 |     Backspace,
   |     ^^^^^^^^^

error: missing documentation for a variant
  --> crates/logos-tui/src/app.rs:38:5
   |
38 |     Submit,
   |     ^^^^^^

error: missing documentation for a variant
  --> crates/logos-tui/src/app.rs:39:5
   |
39 |     Cancel,
   |     ^^^^^^

error: missing documentation for a variant
  --> crates/logos-tui/src/app.rs:40:5
   |
40 |     Quit,
   |     ^^^^

error: missing documentation for a struct
  --> crates/logos-tui/src/app.rs:46:1
   |
46 | pub struct ScopeFieldView<'a> {
   | ^^^^^^^^^^^^^^^^^^^^^^^^^^^^^

error: missing documentation for an associated function
  --> crates/logos-tui/src/app.rs:54:5
   |
54 |     pub fn new(label: &'static str, value: impl Into<Cow<'a, str>>, focused: bool) -> Self {
   |     ^^^^^^^^^^^^^^^^^^^^^^^^^^^^^^^^^^^^^^^^^^^^^^^^^^^^^^^^^^^^^^^^^^^^^^^^^^^^^^^^^^^^^^

error: missing documentation for a method
  --> crates/logos-tui/src/app.rs:63:5
   |
63 |     pub const fn label(&self) -> &'static str {
   |     ^^^^^^^^^^^^^^^^^^^^^^^^^^^^^^^^^^^^^^^^^

error: missing documentation for a method
  --> crates/logos-tui/src/app.rs:68:5
   |
68 |     pub fn value(&self) -> &str {
   |     ^^^^^^^^^^^^^^^^^^^^^^^^^^^

error: missing documentation for a method
  --> crates/logos-tui/src/app.rs:73:5
   |
73 |     pub const fn focused(&self) -> bool {
   |     ^^^^^^^^^^^^^^^^^^^^^^^^^^^^^^^^^^^

error: missing documentation for a struct
  --> crates/logos-tui/src/app.rs:79:1
   |
79 | pub struct HomeSnapshot {
   | ^^^^^^^^^^^^^^^^^^^^^^^

error: missing documentation for an associated function
   --> crates/logos-tui/src/app.rs:94:5
    |
 94 | /     pub fn new(
 95 | |         month_key: &str,
 96 | |         checking_account: &str,
 97 | |         expense_account_prefix: &str,
...   |
103 | |         budget_variance_cents: Option<i64>,
104 | |     ) -> Self {
    | |_____________^

error: missing documentation for a method
   --> crates/logos-tui/src/app.rs:119:5
    |
119 |     pub fn month_key(&self) -> &str {
    |     ^^^^^^^^^^^^^^^^^^^^^^^^^^^^^^^

error: missing documentation for a method
   --> crates/logos-tui/src/app.rs:124:5
    |
124 |     pub fn checking_account(&self) -> &str {
    |     ^^^^^^^^^^^^^^^^^^^^^^^^^^^^^^^^^^^^^^

error: missing documentation for a method
   --> crates/logos-tui/src/app.rs:129:5
    |
129 |     pub fn expense_account_prefix(&self) -> &str {
    |     ^^^^^^^^^^^^^^^^^^^^^^^^^^^^^^^^^^^^^^^^^^^^

error: missing documentation for a method
   --> crates/logos-tui/src/app.rs:134:5
    |
134 |     pub const fn checking_balance_cents(&self) -> i64 {
    |     ^^^^^^^^^^^^^^^^^^^^^^^^^^^^^^^^^^^^^^^^^^^^^^^^^

error: missing documentation for a method
   --> crates/logos-tui/src/app.rs:139:5
    |
139 |     pub const fn income_cents(&self) -> i64 {
    |     ^^^^^^^^^^^^^^^^^^^^^^^^^^^^^^^^^^^^^^^

error: missing documentation for a method
   --> crates/logos-tui/src/app.rs:144:5
    |
144 |     pub const fn expense_cents(&self) -> i64 {
    |     ^^^^^^^^^^^^^^^^^^^^^^^^^^^^^^^^^^^^^^^^

error: missing documentation for a method
   --> crates/logos-tui/src/app.rs:149:5
    |
149 |     pub const fn cashflow_cents(&self) -> i64 {
    |     ^^^^^^^^^^^^^^^^^^^^^^^^^^^^^^^^^^^^^^^^^

error: missing documentation for a method
   --> crates/logos-tui/src/app.rs:154:5
    |
154 |     pub const fn budget_target_cents(&self) -> Option<i64> {
    |     ^^^^^^^^^^^^^^^^^^^^^^^^^^^^^^^^^^^^^^^^^^^^^^^^^^^^^^

error: missing documentation for a method
   --> crates/logos-tui/src/app.rs:159:5
    |
159 |     pub const fn budget_variance_cents(&self) -> Option<i64> {
    |     ^^^^^^^^^^^^^^^^^^^^^^^^^^^^^^^^^^^^^^^^^^^^^^^^^^^^^^^^

error: missing documentation for a struct
   --> crates/logos-tui/src/app.rs:165:1
    |
165 | pub struct BudgetSnapshot {
    | ^^^^^^^^^^^^^^^^^^^^^^^^^

error: missing documentation for an associated function
   --> crates/logos-tui/src/app.rs:175:5
    |
175 | /     pub fn new(
176 | |         month_key: &str,
177 | |         expense_account_prefix: &str,
178 | |         budget_target_cents: Option<i64>,
179 | |         actual_expense_cents: i64,
180 | |         budget_variance_cents: Option<i64>,
181 | |     ) -> Self {
    | |_____________^

error: missing documentation for a method
   --> crates/logos-tui/src/app.rs:192:5
    |
192 |     pub fn month_key(&self) -> &str {
    |     ^^^^^^^^^^^^^^^^^^^^^^^^^^^^^^^

error: missing documentation for a method
   --> crates/logos-tui/src/app.rs:197:5
    |
197 |     pub fn expense_account_prefix(&self) -> &str {
    |     ^^^^^^^^^^^^^^^^^^^^^^^^^^^^^^^^^^^^^^^^^^^^

error: missing documentation for a method
   --> crates/logos-tui/src/app.rs:202:5
    |
202 |     pub const fn budget_target_cents(&self) -> Option<i64> {
    |     ^^^^^^^^^^^^^^^^^^^^^^^^^^^^^^^^^^^^^^^^^^^^^^^^^^^^^^

error: missing documentation for a method
   --> crates/logos-tui/src/app.rs:207:5
    |
207 |     pub const fn actual_expense_cents(&self) -> i64 {
    |     ^^^^^^^^^^^^^^^^^^^^^^^^^^^^^^^^^^^^^^^^^^^^^^^

error: missing documentation for a method
   --> crates/logos-tui/src/app.rs:212:5
    |
212 |     pub const fn budget_variance_cents(&self) -> Option<i64> {
    |     ^^^^^^^^^^^^^^^^^^^^^^^^^^^^^^^^^^^^^^^^^^^^^^^^^^^^^^^^

error: missing documentation for a struct
   --> crates/logos-tui/src/app.rs:218:1
    |
218 | pub struct RegisterActivityRecord {
    | ^^^^^^^^^^^^^^^^^^^^^^^^^^^^^^^^^

error: missing documentation for an associated function
   --> crates/logos-tui/src/app.rs:226:5
    |
226 |     pub fn new(timestamp: &str, description: &str, amount_cents: i64) -> Self {
    |     ^^^^^^^^^^^^^^^^^^^^^^^^^^^^^^^^^^^^^^^^^^^^^^^^^^^^^^^^^^^^^^^^^^^^^^^^^

error: missing documentation for a method
   --> crates/logos-tui/src/app.rs:235:5
    |
235 |     pub fn timestamp(&self) -> &str {
    |     ^^^^^^^^^^^^^^^^^^^^^^^^^^^^^^^

error: missing documentation for a method
   --> crates/logos-tui/src/app.rs:240:5
    |
240 |     pub fn description(&self) -> &str {
    |     ^^^^^^^^^^^^^^^^^^^^^^^^^^^^^^^^^

error: missing documentation for a method
   --> crates/logos-tui/src/app.rs:245:5
    |
245 |     pub const fn amount_cents(&self) -> i64 {
    |     ^^^^^^^^^^^^^^^^^^^^^^^^^^^^^^^^^^^^^^^

error: missing documentation for a struct
   --> crates/logos-tui/src/app.rs:251:1
    |
251 | pub struct RegisterSnapshot {
    | ^^^^^^^^^^^^^^^^^^^^^^^^^^^

error: missing documentation for an associated function
   --> crates/logos-tui/src/app.rs:259:5
    |
259 |     pub fn new(account: &str, balance_cents: i64, activity: Vec<RegisterActivityRecord>) -> Self {
    |     ^^^^^^^^^^^^^^^^^^^^^^^^^^^^^^^^^^^^^^^^^^^^^^^^^^^^^^^^^^^^^^^^^^^^^^^^^^^^^^^^^^^^^^^^^^^^

error: missing documentation for a method
   --> crates/logos-tui/src/app.rs:268:5
    |
268 |     pub fn account(&self) -> &str {
    |     ^^^^^^^^^^^^^^^^^^^^^^^^^^^^^

error: missing documentation for a method
   --> crates/logos-tui/src/app.rs:273:5
    |
273 |     pub const fn balance_cents(&self) -> i64 {
    |     ^^^^^^^^^^^^^^^^^^^^^^^^^^^^^^^^^^^^^^^^

error: missing documentation for a method
   --> crates/logos-tui/src/app.rs:278:5
    |
278 |     pub fn activity(&self) -> &[RegisterActivityRecord] {
    |     ^^^^^^^^^^^^^^^^^^^^^^^^^^^^^^^^^^^^^^^^^^^^^^^^^^^

error: missing documentation for a trait
   --> crates/logos-tui/src/app.rs:283:1
    |
283 | pub trait HomeDataSource {
    | ^^^^^^^^^^^^^^^^^^^^^^^^

error: missing documentation for a method
   --> crates/logos-tui/src/app.rs:284:5
    |
284 | /     fn fetch_home_snapshot(
285 | |         &self,
286 | |         month_key: &str,
287 | |         checking_account: &str,
288 | |         expense_account_prefix: &str,
289 | |     ) -> Option<HomeSnapshot>;
    | |______________________________^

error: missing documentation for a trait
   --> crates/logos-tui/src/app.rs:292:1
    |
292 | pub trait BudgetDataSource {
    | ^^^^^^^^^^^^^^^^^^^^^^^^^^

error: missing documentation for a method
   --> crates/logos-tui/src/app.rs:293:5
    |
293 | /     fn fetch_budget_snapshot(
294 | |         &self,
295 | |         month_key: &str,
296 | |         expense_account_prefix: &str,
297 | |     ) -> Option<BudgetSnapshot>;
    | |________________________________^

error: missing documentation for a trait
   --> crates/logos-tui/src/app.rs:300:1
    |
300 | pub trait RegisterDataSource {
    | ^^^^^^^^^^^^^^^^^^^^^^^^^^^^

error: missing documentation for a method
   --> crates/logos-tui/src/app.rs:301:5
    |
301 |     fn fetch_register_snapshot(&self, account: &str) -> Option<RegisterSnapshot>;
    |     ^^^^^^^^^^^^^^^^^^^^^^^^^^^^^^^^^^^^^^^^^^^^^^^^^^^^^^^^^^^^^^^^^^^^^^^^^^^^^

error: missing documentation for a struct
   --> crates/logos-tui/src/app.rs:305:1
    |
305 | pub struct ReconcileRunRecord {
    | ^^^^^^^^^^^^^^^^^^^^^^^^^^^^^

error: missing documentation for an associated function
   --> crates/logos-tui/src/app.rs:316:5
    |
316 | /     pub fn new(
317 | |         run_id: &str,
318 | |         month_key: &str,
319 | |         checking_account: &str,
...   |
322 | |         matched_transaction_count: i64,
323 | |     ) -> Self {
    | |_____________^

error: missing documentation for a method
   --> crates/logos-tui/src/app.rs:335:5
    |
335 |     pub fn run_id(&self) -> &str {
    |     ^^^^^^^^^^^^^^^^^^^^^^^^^^^^

error: missing documentation for a method
   --> crates/logos-tui/src/app.rs:340:5
    |
340 |     pub fn month_key(&self) -> &str {
    |     ^^^^^^^^^^^^^^^^^^^^^^^^^^^^^^^

error: missing documentation for a method
   --> crates/logos-tui/src/app.rs:345:5
    |
345 |     pub fn checking_account(&self) -> &str {
    |     ^^^^^^^^^^^^^^^^^^^^^^^^^^^^^^^^^^^^^^

error: missing documentation for a method
   --> crates/logos-tui/src/app.rs:350:5
    |
350 |     pub const fn variance_cents(&self) -> i64 {
    |     ^^^^^^^^^^^^^^^^^^^^^^^^^^^^^^^^^^^^^^^^^

error: missing documentation for a method
   --> crates/logos-tui/src/app.rs:355:5
    |
355 |     pub const fn reconciled(&self) -> bool {
    |     ^^^^^^^^^^^^^^^^^^^^^^^^^^^^^^^^^^^^^^

error: missing documentation for a method
   --> crates/logos-tui/src/app.rs:360:5
    |
360 |     pub const fn matched_transaction_count(&self) -> i64 {
    |     ^^^^^^^^^^^^^^^^^^^^^^^^^^^^^^^^^^^^^^^^^^^^^^^^^^^^

error: missing documentation for a struct
   --> crates/logos-tui/src/app.rs:366:1
    |
366 | pub struct ReconcileStatementLineRecord {
    | ^^^^^^^^^^^^^^^^^^^^^^^^^^^^^^^^^^^^^^^

error: missing documentation for an associated function
   --> crates/logos-tui/src/app.rs:375:5
    |
375 |     pub fn new(line_id: &str, statement_timestamp: &str, memo: &str, amount_cents: i64) -> Self {
    |     ^^^^^^^^^^^^^^^^^^^^^^^^^^^^^^^^^^^^^^^^^^^^^^^^^^^^^^^^^^^^^^^^^^^^^^^^^^^^^^^^^^^^^^^^^^^

error: missing documentation for a method
   --> crates/logos-tui/src/app.rs:385:5
    |
385 |     pub fn line_id(&self) -> &str {
    |     ^^^^^^^^^^^^^^^^^^^^^^^^^^^^^

error: missing documentation for a method
   --> crates/logos-tui/src/app.rs:390:5
    |
390 |     pub fn statement_timestamp(&self) -> &str {
    |     ^^^^^^^^^^^^^^^^^^^^^^^^^^^^^^^^^^^^^^^^^

error: missing documentation for a method
   --> crates/logos-tui/src/app.rs:395:5
    |
395 |     pub fn memo(&self) -> &str {
    |     ^^^^^^^^^^^^^^^^^^^^^^^^^^

error: missing documentation for a method
   --> crates/logos-tui/src/app.rs:400:5
    |
400 |     pub const fn amount_cents(&self) -> i64 {
    |     ^^^^^^^^^^^^^^^^^^^^^^^^^^^^^^^^^^^^^^^

error: missing documentation for a trait
   --> crates/logos-tui/src/app.rs:405:1
    |
405 | pub trait ReconcileDataSource {
    | ^^^^^^^^^^^^^^^^^^^^^^^^^^^^^

error: missing documentation for a method
   --> crates/logos-tui/src/app.rs:406:5
    |
406 | /     fn fetch_reconciliation_runs(
407 | |         &self,
408 | |         month_key: Option<&str>,
409 | |         checking_account: Option<&str>,
410 | |     ) -> Vec<ReconcileRunRecord>;
    | |_________________________________^

error: missing documentation for a method
   --> crates/logos-tui/src/app.rs:412:5
    |
412 |     fn fetch_statement_lines_for_run(&self, run_id: &str) -> Vec<ReconcileStatementLineRecord>;
    |     ^^^^^^^^^^^^^^^^^^^^^^^^^^^^^^^^^^^^^^^^^^^^^^^^^^^^^^^^^^^^^^^^^^^^^^^^^^^^^^^^^^^^^^^^^^^

error: missing documentation for a struct
   --> crates/logos-tui/src/app.rs:653:1
    |
653 | pub struct App {
    | ^^^^^^^^^^^^^^

error: missing documentation for an associated function
   --> crates/logos-tui/src/app.rs:695:5
    |
695 |     pub fn new() -> Self {
    |     ^^^^^^^^^^^^^^^^^^^^

error: missing documentation for a method
   --> crates/logos-tui/src/app.rs:700:5
    |
700 |     pub const fn should_exit(&self) -> bool {
    |     ^^^^^^^^^^^^^^^^^^^^^^^^^^^^^^^^^^^^^^^

error: missing documentation for a method
   --> crates/logos-tui/src/app.rs:704:5
    |
704 |     pub const fn request_exit(&mut self) {
    |     ^^^^^^^^^^^^^^^^^^^^^^^^^^^^^^^^^^^^

error: missing documentation for a method
   --> crates/logos-tui/src/app.rs:709:5
    |
709 |     pub const fn view(&self) -> View {
    |     ^^^^^^^^^^^^^^^^^^^^^^^^^^^^^^^^

error: missing documentation for a method
   --> crates/logos-tui/src/app.rs:714:5
    |
714 |     pub fn home_month_key(&self) -> &str {
    |     ^^^^^^^^^^^^^^^^^^^^^^^^^^^^^^^^^^^^

error: missing documentation for a method
   --> crates/logos-tui/src/app.rs:719:5
    |
719 |     pub fn home_checking_account(&self) -> &str {
    |     ^^^^^^^^^^^^^^^^^^^^^^^^^^^^^^^^^^^^^^^^^^^

error: missing documentation for a method
   --> crates/logos-tui/src/app.rs:724:5
    |
724 |     pub fn home_expense_account_prefix(&self) -> &str {
    |     ^^^^^^^^^^^^^^^^^^^^^^^^^^^^^^^^^^^^^^^^^^^^^^^^^

error: missing documentation for a method
   --> crates/logos-tui/src/app.rs:729:5
    |
729 |     pub const fn home_snapshot(&self) -> Option<&HomeSnapshot> {
    |     ^^^^^^^^^^^^^^^^^^^^^^^^^^^^^^^^^^^^^^^^^^^^^^^^^^^^^^^^^^

error: missing documentation for a method
   --> crates/logos-tui/src/app.rs:734:5
    |
734 |     pub fn budget_month_key(&self) -> &str {
    |     ^^^^^^^^^^^^^^^^^^^^^^^^^^^^^^^^^^^^^^

error: missing documentation for a method
   --> crates/logos-tui/src/app.rs:739:5
    |
739 |     pub fn budget_expense_account_prefix(&self) -> &str {
    |     ^^^^^^^^^^^^^^^^^^^^^^^^^^^^^^^^^^^^^^^^^^^^^^^^^^^

error: missing documentation for a method
   --> crates/logos-tui/src/app.rs:744:5
    |
744 |     pub const fn budget_snapshot(&self) -> Option<&BudgetSnapshot> {
    |     ^^^^^^^^^^^^^^^^^^^^^^^^^^^^^^^^^^^^^^^^^^^^^^^^^^^^^^^^^^^^^^

error: missing documentation for a method
   --> crates/logos-tui/src/app.rs:749:5
    |
749 |     pub fn register_account(&self) -> &str {
    |     ^^^^^^^^^^^^^^^^^^^^^^^^^^^^^^^^^^^^^^

error: missing documentation for a method
   --> crates/logos-tui/src/app.rs:754:5
    |
754 |     pub const fn register_snapshot(&self) -> Option<&RegisterSnapshot> {
    |     ^^^^^^^^^^^^^^^^^^^^^^^^^^^^^^^^^^^^^^^^^^^^^^^^^^^^^^^^^^^^^^^^^^

error: missing documentation for a method
   --> crates/logos-tui/src/app.rs:759:5
    |
759 |     pub fn reconcile_filter_month_key(&self) -> Option<&str> {
    |     ^^^^^^^^^^^^^^^^^^^^^^^^^^^^^^^^^^^^^^^^^^^^^^^^^^^^^^^^

error: missing documentation for a method
   --> crates/logos-tui/src/app.rs:764:5
    |
764 |     pub fn reconcile_filter_checking_account(&self) -> Option<&str> {
    |     ^^^^^^^^^^^^^^^^^^^^^^^^^^^^^^^^^^^^^^^^^^^^^^^^^^^^^^^^^^^^^^^

error: missing documentation for a method
   --> crates/logos-tui/src/app.rs:769:5
    |
769 |     pub const fn is_scope_editing(&self) -> bool {
    |     ^^^^^^^^^^^^^^^^^^^^^^^^^^^^^^^^^^^^^^^^^^^^

error: missing documentation for a method
   --> crates/logos-tui/src/app.rs:774:5
    |
774 |     pub fn scope_error_message(&self) -> Option<&str> {
    |     ^^^^^^^^^^^^^^^^^^^^^^^^^^^^^^^^^^^^^^^^^^^^^^^^^

error: missing documentation for a method
   --> crates/logos-tui/src/app.rs:862:5
    |
862 |     pub fn scope_field_views(&self) -> Vec<ScopeFieldView<'_>> {
    |     ^^^^^^^^^^^^^^^^^^^^^^^^^^^^^^^^^^^^^^^^^^^^^^^^^^^^^^^^^^

error: missing documentation for a method
    --> crates/logos-tui/src/app.rs:1193:5
     |
1193 |     pub fn render_frame(&self) -> String {
     |     ^^^^^^^^^^^^^^^^^^^^^^^^^^^^^^^^^^^^

error: missing documentation for a method
    --> crates/logos-tui/src/app.rs:1221:5
     |
1221 |     pub fn selected_reconcile_run(&self) -> Option<&ReconcileRunRecord> {
     |     ^^^^^^^^^^^^^^^^^^^^^^^^^^^^^^^^^^^^^^^^^^^^^^^^^^^^^^^^^^^^^^^^^^^

error: missing documentation for a method
    --> crates/logos-tui/src/app.rs:1228:5
     |
1228 |     pub fn selected_reconcile_statement_lines(&self) -> &[ReconcileStatementLineRecord] {
     |     ^^^^^^^^^^^^^^^^^^^^^^^^^^^^^^^^^^^^^^^^^^^^^^^^^^^^^^^^^^^^^^^^^^^^^^^^^^^^^^^^^^^

error: missing documentation for a function
    --> crates/logos-tui/src/app.rs:1549:1
     |
1549 | pub fn civil_from_days(days_since_unix_epoch: i64) -> (i64, u32, u32) {
     | ^^^^^^^^^^^^^^^^^^^^^^^^^^^^^^^^^^^^^^^^^^^^^^^^^^^^^^^^^^^^^^^^^^^^^

error: missing documentation for a function
   --> crates/logos-tui/src/terminal.rs:190:1
    |
190 | pub fn key_event_to_app_input(key_event: KeyEvent) -> Option<AppInput> {
    | ^^^^^^^^^^^^^^^^^^^^^^^^^^^^^^^^^^^^^^^^^^^^^^^^^^^^^^^^^^^^^^^^^^^^^^

error: missing documentation for a function
   --> crates/logos-tui/src/terminal.rs:212:1
    |
212 | pub fn key_event_to_app_char(key_event: KeyEvent) -> Option<char> {
    | ^^^^^^^^^^^^^^^^^^^^^^^^^^^^^^^^^^^^^^^^^^^^^^^^^^^^^^^^^^^^^^^^^

error: missing documentation for a function
   --> crates/logos-tui/src/terminal.rs:232:1
    |
232 | pub const fn tab_titles() -> [&'static str; 5] {
    | ^^^^^^^^^^^^^^^^^^^^^^^^^^^^^^^^^^^^^^^^^^^^^^

error: missing documentation for a function
   --> crates/logos-tui/src/terminal.rs:237:1
    |
237 | pub const fn active_tab_index(view: View) -> usize {
    | ^^^^^^^^^^^^^^^^^^^^^^^^^^^^^^^^^^^^^^^^^^^^^^^^^^

error: missing documentation for a function
   --> crates/logos-tui/src/terminal.rs:248:1
    |
248 | pub const fn view_title(view: View) -> &'static str {
    | ^^^^^^^^^^^^^^^^^^^^^^^^^^^^^^^^^^^^^^^^^^^^^^^^^^^

error: missing documentation for a function
   --> crates/logos-tui/src/terminal.rs:259:1
    |
259 | pub fn view_scope_lines(app: &App) -> Vec<String> {
    | ^^^^^^^^^^^^^^^^^^^^^^^^^^^^^^^^^^^^^^^^^^^^^^^^^

error: missing documentation for a function
   --> crates/logos-tui/src/terminal.rs:277:1
    |
277 | pub const fn runtime_unavailable_message(view: View) -> Option<&'static str> {
    | ^^^^^^^^^^^^^^^^^^^^^^^^^^^^^^^^^^^^^^^^^^^^^^^^^^^^^^^^^^^^^^^^^^^^^^^^^^^^

error: missing documentation for a function
   --> crates/logos-tui/src/terminal.rs:368:1
    |
368 | pub fn view_status_lines(app: &App, runtime_available: bool) -> Vec<Line<'static>> {
    | ^^^^^^^^^^^^^^^^^^^^^^^^^^^^^^^^^^^^^^^^^^^^^^^^^^^^^^^^^^^^^^^^^^^^^^^^^^^^^^^^^^

error: missing documentation for an enum
  --> crates/logos-cli/src/args.rs:11:1
   |
11 | pub enum CliError {
   | ^^^^^^^^^^^^^^^^^
   |
   = note: requested on the command line with `-D missing-docs`

error: missing documentation for a variant
  --> crates/logos-cli/src/args.rs:12:5
   |
12 |     MissingCommand,
   |     ^^^^^^^^^^^^^^

error: missing documentation for a variant
  --> crates/logos-cli/src/args.rs:13:5
   |
13 |     MissingSubcommand { command: String },
   |     ^^^^^^^^^^^^^^^^^

error: missing documentation for a struct field
  --> crates/logos-cli/src/args.rs:13:25
   |
13 |     MissingSubcommand { command: String },
   |                         ^^^^^^^^^^^^^^^

error: missing documentation for a variant
  --> crates/logos-cli/src/args.rs:14:5
   |
14 |     UnknownCommand { command: String },
   |     ^^^^^^^^^^^^^^

error: missing documentation for a struct field
  --> crates/logos-cli/src/args.rs:14:22
   |
14 |     UnknownCommand { command: String },
   |                      ^^^^^^^^^^^^^^^

error: missing documentation for a variant
  --> crates/logos-cli/src/args.rs:15:5
   |
15 |     UnknownSubcommand { command: String, subcommand: String },
   |     ^^^^^^^^^^^^^^^^^

error: missing documentation for a struct field
  --> crates/logos-cli/src/args.rs:15:25
   |
15 |     UnknownSubcommand { command: String, subcommand: String },
   |                         ^^^^^^^^^^^^^^^

error: missing documentation for a struct field
  --> crates/logos-cli/src/args.rs:15:42
   |
15 |     UnknownSubcommand { command: String, subcommand: String },
   |                                          ^^^^^^^^^^^^^^^^^^

error: missing documentation for a variant
  --> crates/logos-cli/src/args.rs:16:5
   |
16 |     MissingRequiredArg { flag: String },
   |     ^^^^^^^^^^^^^^^^^^

error: missing documentation for a struct field
  --> crates/logos-cli/src/args.rs:16:26
   |
16 |     MissingRequiredArg { flag: String },
   |                          ^^^^^^^^^^^^

error: missing documentation for a variant
  --> crates/logos-cli/src/args.rs:17:5
   |
17 |     MissingArgValue { flag: String },
   |     ^^^^^^^^^^^^^^^

error: missing documentation for a struct field
  --> crates/logos-cli/src/args.rs:17:23
   |
17 |     MissingArgValue { flag: String },
   |                       ^^^^^^^^^^^^

error: missing documentation for a variant
  --> crates/logos-cli/src/args.rs:18:5
   |
18 |     InvalidArgValue { flag: String, value: String },
   |     ^^^^^^^^^^^^^^^

error: missing documentation for a struct field
  --> crates/logos-cli/src/args.rs:18:23
   |
18 |     InvalidArgValue { flag: String, value: String },
   |                       ^^^^^^^^^^^^

error: missing documentation for a struct field
  --> crates/logos-cli/src/args.rs:18:37
   |
18 |     InvalidArgValue { flag: String, value: String },
   |                                     ^^^^^^^^^^^^^

error: missing documentation for a variant
  --> crates/logos-cli/src/args.rs:19:5
   |
19 |     MissingTxnDescription,
   |     ^^^^^^^^^^^^^^^^^^^^^

error: missing documentation for a variant
  --> crates/logos-cli/src/args.rs:20:5
   |
20 |     CommandRuntimeFailed { command: String, message: String },
   |     ^^^^^^^^^^^^^^^^^^^^

error: missing documentation for a struct field
  --> crates/logos-cli/src/args.rs:20:28
   |
20 |     CommandRuntimeFailed { command: String, message: String },
   |                            ^^^^^^^^^^^^^^^

error: missing documentation for a struct field
  --> crates/logos-cli/src/args.rs:20:45
   |
20 |     CommandRuntimeFailed { command: String, message: String },
   |                                             ^^^^^^^^^^^^^^^

error: missing documentation for a struct
  --> crates/logos-cli/src/args.rs:57:1
   |
57 | pub struct ParsedArgs {
   | ^^^^^^^^^^^^^^^^^^^^^

error: missing documentation for a method
  --> crates/logos-cli/src/args.rs:63:5
   |
63 |     pub const fn command(&self) -> &Command {
   |     ^^^^^^^^^^^^^^^^^^^^^^^^^^^^^^^^^^^^^^^

error: missing documentation for a method
  --> crates/logos-cli/src/args.rs:68:5
   |
68 |     pub const fn command_path(&self) -> &'static str {
   |     ^^^^^^^^^^^^^^^^^^^^^^^^^^^^^^^^^^^^^^^^^^^^^^^^

error: missing documentation for an enum
   --> crates/logos-cli/src/args.rs:362:1
    |
362 | pub enum Command {
    | ^^^^^^^^^^^^^^^^

error: missing documentation for a variant
   --> crates/logos-cli/src/args.rs:363:5
    |
363 |     Help(HelpTopic),
    |     ^^^^

error: missing documentation for a variant
   --> crates/logos-cli/src/args.rs:364:5
    |
364 |     Db(DbCommand),
    |     ^^

error: missing documentation for a variant
   --> crates/logos-cli/src/args.rs:365:5
    |
365 |     Txn(TxnCommand),
    |     ^^^

error: missing documentation for a variant
   --> crates/logos-cli/src/args.rs:366:5
    |
366 |     Analytics(AnalyticsCommand),
    |     ^^^^^^^^^

error: missing documentation for a variant
   --> crates/logos-cli/src/args.rs:367:5
    |
367 |     Import(ImportCommand),
    |     ^^^^^^

error: missing documentation for a variant
   --> crates/logos-cli/src/args.rs:368:5
    |
368 |     Fetch(FetchCommand),
    |     ^^^^^

error: missing documentation for a variant
   --> crates/logos-cli/src/args.rs:369:5
    |
369 |     Reconcile(ReconcileCommand),
    |     ^^^^^^^^^

error: missing documentation for a variant
   --> crates/logos-cli/src/args.rs:370:5
    |
370 |     Month(MonthCommand),
    |     ^^^^^

error: missing documentation for a variant
   --> crates/logos-cli/src/args.rs:371:5
    |
371 |     Close(CloseCommand),
    |     ^^^^^

error: missing documentation for a variant
   --> crates/logos-cli/src/args.rs:372:5
    |
372 |     Budget(BudgetCommand),
    |     ^^^^^^

error: missing documentation for a variant
   --> crates/logos-cli/src/args.rs:373:5
    |
373 |     Report(ReportCommand),
    |     ^^^^^^

error: missing documentation for a method
   --> crates/logos-cli/src/args.rs:378:5
    |
378 |     pub const fn path(&self) -> &'static str {
    |     ^^^^^^^^^^^^^^^^^^^^^^^^^^^^^^^^^^^^^^^^

error: missing documentation for an enum
   --> crates/logos-cli/src/args.rs:454:1
    |
454 | pub enum AnalyticsCommand {
    | ^^^^^^^^^^^^^^^^^^^^^^^^^

error: missing documentation for a variant
   --> crates/logos-cli/src/args.rs:455:5
    |
455 |     SnapshotCreate {
    |     ^^^^^^^^^^^^^^

error: missing documentation for a struct field
   --> crates/logos-cli/src/args.rs:456:9
    |
456 |         as_of_valid_time_us: Option<i64>,
    |         ^^^^^^^^^^^^^^^^^^^^^^^^^^^^^^^^

error: missing documentation for a struct field
   --> crates/logos-cli/src/args.rs:457:9
    |
457 |         as_of_tx_time_us: Option<i64>,
    |         ^^^^^^^^^^^^^^^^^^^^^^^^^^^^^

error: missing documentation for a struct field
   --> crates/logos-cli/src/args.rs:458:9
    |
458 |         schema_version: i64,
    |         ^^^^^^^^^^^^^^^^^^^

error: missing documentation for a struct field
   --> crates/logos-cli/src/args.rs:459:9
    |
459 |         supersedes_artifact_id: Option<String>,
    |         ^^^^^^^^^^^^^^^^^^^^^^^^^^^^^^^^^^^^^^

error: missing documentation for a variant
   --> crates/logos-cli/src/args.rs:461:5
    |
461 |     SnapshotList,
    |     ^^^^^^^^^^^^

error: missing documentation for a variant
   --> crates/logos-cli/src/args.rs:462:5
    |
462 |     SnapshotShow {
    |     ^^^^^^^^^^^^

error: missing documentation for a struct field
   --> crates/logos-cli/src/args.rs:463:9
    |
463 |         artifact_id: String,
    |         ^^^^^^^^^^^^^^^^^^^

error: missing documentation for a variant
   --> crates/logos-cli/src/args.rs:465:5
    |
465 |     Sankey,
    |     ^^^^^^

error: missing documentation for a variant
   --> crates/logos-cli/src/args.rs:466:5
    |
466 |     FireSim {
    |     ^^^^^^^

error: missing documentation for a struct field
   --> crates/logos-cli/src/args.rs:467:9
    |
467 |         monthly_expenses_cents: i64,
    |         ^^^^^^^^^^^^^^^^^^^^^^^^^^^

error: missing documentation for a struct field
   --> crates/logos-cli/src/args.rs:468:9
    |
468 |         liquid_assets_cents: i64,
    |         ^^^^^^^^^^^^^^^^^^^^^^^^

error: missing documentation for a struct field
   --> crates/logos-cli/src/args.rs:469:9
    |
469 |         monthly_savings_cents: i64,
    |         ^^^^^^^^^^^^^^^^^^^^^^^^^^

error: missing documentation for a variant
   --> crates/logos-cli/src/args.rs:471:5
    |
471 |     NetWorthProject {
    |     ^^^^^^^^^^^^^^^

error: missing documentation for a struct field
   --> crates/logos-cli/src/args.rs:472:9
    |
472 |         initial_net_worth_cents: i64,
    |         ^^^^^^^^^^^^^^^^^^^^^^^^^^^^

error: missing documentation for a struct field
   --> crates/logos-cli/src/args.rs:473:9
    |
473 |         monthly_savings_cents: i64,
    |         ^^^^^^^^^^^^^^^^^^^^^^^^^^

error: missing documentation for a struct field
   --> crates/logos-cli/src/args.rs:474:9
    |
474 |         months: u16,
    |         ^^^^^^^^^^^

error: missing documentation for an enum
   --> crates/logos-cli/src/args.rs:479:1
    |
479 | pub enum ImportCommand {
    | ^^^^^^^^^^^^^^^^^^^^^^

error: missing documentation for a variant
   --> crates/logos-cli/src/args.rs:480:5
    |
480 |     Pdf {
    |     ^^^

error: missing documentation for a struct field
   --> crates/logos-cli/src/args.rs:481:9
    |
481 |         file_path: String,
    |         ^^^^^^^^^^^^^^^^^

error: missing documentation for a struct field
   --> crates/logos-cli/src/args.rs:482:9
    |
482 |         account: String,
    |         ^^^^^^^^^^^^^^^

error: missing documentation for a struct field
   --> crates/logos-cli/src/args.rs:483:9
    |
483 |         dry_run: bool,
    |         ^^^^^^^^^^^^^

error: missing documentation for a struct field
   --> crates/logos-cli/src/args.rs:484:9
    |
484 |         ocr: bool,
    |         ^^^^^^^^^

error: missing documentation for a variant
   --> crates/logos-cli/src/args.rs:486:5
    |
486 |     Csv {
    |     ^^^

error: missing documentation for a struct field
   --> crates/logos-cli/src/args.rs:487:9
    |
487 |         file_path: String,
    |         ^^^^^^^^^^^^^^^^^

error: missing documentation for a struct field
   --> crates/logos-cli/src/args.rs:488:9
    |
488 |         source_id: Option<String>,
    |         ^^^^^^^^^^^^^^^^^^^^^^^^^

error: missing documentation for a struct field
   --> crates/logos-cli/src/args.rs:489:9
    |
489 |         timestamp_idx: usize,
    |         ^^^^^^^^^^^^^^^^^^^^

error: missing documentation for a struct field
   --> crates/logos-cli/src/args.rs:490:9
    |
490 |         amount_idx: usize,
    |         ^^^^^^^^^^^^^^^^^

error: missing documentation for a struct field
   --> crates/logos-cli/src/args.rs:491:9
    |
491 |         memo_idx: usize,
    |         ^^^^^^^^^^^^^^^

error: missing documentation for a struct field
   --> crates/logos-cli/src/args.rs:492:9
    |
492 |         account_idx: usize,
    |         ^^^^^^^^^^^^^^^^^^

error: missing documentation for a struct field
   --> crates/logos-cli/src/args.rs:493:9
    |
493 |         category_idx: usize,
    |         ^^^^^^^^^^^^^^^^^^^

error: missing documentation for a struct field
   --> crates/logos-cli/src/args.rs:494:9
    |
494 |         skip_header: bool,
    |         ^^^^^^^^^^^^^^^^^

error: missing documentation for a struct field
   --> crates/logos-cli/src/args.rs:495:9
    |
495 |         dry_run: bool,
    |         ^^^^^^^^^^^^^

error: missing documentation for an enum
   --> crates/logos-cli/src/args.rs:500:1
    |
500 | pub enum FetchCommand {
    | ^^^^^^^^^^^^^^^^^^^^^

error: missing documentation for a variant
   --> crates/logos-cli/src/args.rs:501:5
    |
501 |     ListRuns {
    |     ^^^^^^^^

error: missing documentation for a struct field
   --> crates/logos-cli/src/args.rs:502:9
    |
502 |         month_key: Option<String>,
    |         ^^^^^^^^^^^^^^^^^^^^^^^^^

error: missing documentation for a struct field
   --> crates/logos-cli/src/args.rs:503:9
    |
503 |         checking_account: Option<String>,
    |         ^^^^^^^^^^^^^^^^^^^^^^^^^^^^^^^^

error: missing documentation for a variant
   --> crates/logos-cli/src/args.rs:505:5
    |
505 |     ShowRun {
    |     ^^^^^^^

error: missing documentation for a struct field
   --> crates/logos-cli/src/args.rs:506:9
    |
506 |         run_id: String,
    |         ^^^^^^^^^^^^^^

error: missing documentation for an enum
   --> crates/logos-cli/src/args.rs:511:1
    |
511 | pub enum ReconcileCommand {
    | ^^^^^^^^^^^^^^^^^^^^^^^^^

error: missing documentation for a variant
   --> crates/logos-cli/src/args.rs:512:5
    |
512 |     Month {
    |     ^^^^^

error: missing documentation for a struct field
   --> crates/logos-cli/src/args.rs:513:9
    |
513 |         checking_account: String,
    |         ^^^^^^^^^^^^^^^^^^^^^^^^

error: missing documentation for a struct field
   --> crates/logos-cli/src/args.rs:514:9
    |
514 |         month_key: Option<String>,
    |         ^^^^^^^^^^^^^^^^^^^^^^^^^

error: missing documentation for a struct field
   --> crates/logos-cli/src/args.rs:515:9
    |
515 |         opening_balance_cents: i64,
    |         ^^^^^^^^^^^^^^^^^^^^^^^^^^

error: missing documentation for a struct field
   --> crates/logos-cli/src/args.rs:516:9
    |
516 |         closing_balance_cents: i64,
    |         ^^^^^^^^^^^^^^^^^^^^^^^^^^

error: missing documentation for a variant
   --> crates/logos-cli/src/args.rs:518:5
    |
518 |     List {
    |     ^^^^

error: missing documentation for a struct field
   --> crates/logos-cli/src/args.rs:519:9
    |
519 |         month_key: Option<String>,
    |         ^^^^^^^^^^^^^^^^^^^^^^^^^

error: missing documentation for a struct field
   --> crates/logos-cli/src/args.rs:520:9
    |
520 |         checking_account: Option<String>,
    |         ^^^^^^^^^^^^^^^^^^^^^^^^^^^^^^^^

error: missing documentation for a variant
   --> crates/logos-cli/src/args.rs:522:5
    |
522 |     Show {
    |     ^^^^

error: missing documentation for a struct field
   --> crates/logos-cli/src/args.rs:523:9
    |
523 |         run_id: String,
    |         ^^^^^^^^^^^^^^

error: missing documentation for an enum
   --> crates/logos-cli/src/args.rs:528:1
    |
528 | pub enum MonthCommand {
    | ^^^^^^^^^^^^^^^^^^^^^

error: missing documentation for a variant
   --> crates/logos-cli/src/args.rs:529:5
    |
529 |     Autopilot {
    |     ^^^^^^^^^

error: missing documentation for a struct field
   --> crates/logos-cli/src/args.rs:530:9
    |
530 |         month_key: Option<String>,
    |         ^^^^^^^^^^^^^^^^^^^^^^^^^

error: missing documentation for a struct field
   --> crates/logos-cli/src/args.rs:531:9
    |
531 |         checking_account: String,
    |         ^^^^^^^^^^^^^^^^^^^^^^^^

error: missing documentation for a struct field
   --> crates/logos-cli/src/args.rs:532:9
    |
532 |         opening_balance_cents: Option<i64>,
    |         ^^^^^^^^^^^^^^^^^^^^^^^^^^^^^^^^^^

error: missing documentation for a struct field
   --> crates/logos-cli/src/args.rs:533:9
    |
533 |         closing_balance_cents: Option<i64>,
    |         ^^^^^^^^^^^^^^^^^^^^^^^^^^^^^^^^^^

error: missing documentation for a struct field
   --> crates/logos-cli/src/args.rs:534:9
    |
534 |         statement_pdf: Option<String>,
    |         ^^^^^^^^^^^^^^^^^^^^^^^^^^^^^

error: missing documentation for a struct field
   --> crates/logos-cli/src/args.rs:535:9
    |
535 |         ocr: bool,
    |         ^^^^^^^^^

error: missing documentation for a struct field
   --> crates/logos-cli/src/args.rs:536:9
    |
536 |         allow_variance: bool,
    |         ^^^^^^^^^^^^^^^^^^^^

error: missing documentation for a struct field
   --> crates/logos-cli/src/args.rs:537:9
    |
537 |         analytics_artifact_id: Option<String>,
    |         ^^^^^^^^^^^^^^^^^^^^^^^^^^^^^^^^^^^^^

error: missing documentation for a struct field
   --> crates/logos-cli/src/args.rs:538:9
    |
538 |         confirm_close: bool,
    |         ^^^^^^^^^^^^^^^^^^^

error: missing documentation for an enum
   --> crates/logos-cli/src/args.rs:543:1
    |
543 | pub enum CloseCommand {
    | ^^^^^^^^^^^^^^^^^^^^^

error: missing documentation for a variant
   --> crates/logos-cli/src/args.rs:544:5
    |
544 |     Month {
    |     ^^^^^

error: missing documentation for a struct field
   --> crates/logos-cli/src/args.rs:545:9
    |
545 |         month_key: Option<String>,
    |         ^^^^^^^^^^^^^^^^^^^^^^^^^

error: missing documentation for a struct field
   --> crates/logos-cli/src/args.rs:546:9
    |
546 |         checking_account: String,
    |         ^^^^^^^^^^^^^^^^^^^^^^^^

error: missing documentation for a struct field
   --> crates/logos-cli/src/args.rs:547:9
    |
547 |         run_id: String,
    |         ^^^^^^^^^^^^^^

error: missing documentation for a struct field
   --> crates/logos-cli/src/args.rs:548:9
    |
548 |         analytics_artifact_id: Option<String>,
    |         ^^^^^^^^^^^^^^^^^^^^^^^^^^^^^^^^^^^^^

error: missing documentation for an enum
   --> crates/logos-cli/src/args.rs:553:1
    |
553 | pub enum BudgetCommand {
    | ^^^^^^^^^^^^^^^^^^^^^^

error: missing documentation for a variant
   --> crates/logos-cli/src/args.rs:554:5
    |
554 |     Set {
    |     ^^^

error: missing documentation for a struct field
   --> crates/logos-cli/src/args.rs:555:9
    |
555 |         month_key: Option<String>,
    |         ^^^^^^^^^^^^^^^^^^^^^^^^^

error: missing documentation for a struct field
   --> crates/logos-cli/src/args.rs:556:9
    |
556 |         budget_cents: i64,
    |         ^^^^^^^^^^^^^^^^^

error: missing documentation for a struct field
   --> crates/logos-cli/src/args.rs:557:9
    |
557 |         expense_account_prefix: String,
    |         ^^^^^^^^^^^^^^^^^^^^^^^^^^^^^^

error: missing documentation for a variant
   --> crates/logos-cli/src/args.rs:559:5
    |
559 |     RsuPlan {
    |     ^^^^^^^

error: missing documentation for a struct field
   --> crates/logos-cli/src/args.rs:560:9
    |
560 |         month_key: Option<String>,
    |         ^^^^^^^^^^^^^^^^^^^^^^^^^

error: missing documentation for a struct field
   --> crates/logos-cli/src/args.rs:561:9
    |
561 |         quarterly_units: u32,
    |         ^^^^^^^^^^^^^^^^^^^^

error: missing documentation for a struct field
   --> crates/logos-cli/src/args.rs:562:9
    |
562 |         days_to_vest: u16,
    |         ^^^^^^^^^^^^^^^^^

error: missing documentation for a struct field
   --> crates/logos-cli/src/args.rs:563:9
    |
563 |         bear_price_cents: i64,
    |         ^^^^^^^^^^^^^^^^^^^^^

error: missing documentation for a struct field
   --> crates/logos-cli/src/args.rs:564:9
    |
564 |         base_price_cents: i64,
    |         ^^^^^^^^^^^^^^^^^^^^^

error: missing documentation for a struct field
   --> crates/logos-cli/src/args.rs:565:9
    |
565 |         bull_price_cents: i64,
    |         ^^^^^^^^^^^^^^^^^^^^^

error: missing documentation for a struct field
   --> crates/logos-cli/src/args.rs:566:9
    |
566 |         fixed_commitments_cents: i64,
    |         ^^^^^^^^^^^^^^^^^^^^^^^^^^^^

error: missing documentation for a struct field
   --> crates/logos-cli/src/args.rs:567:9
    |
567 |         reserve_sweep_pct: u8,
    |         ^^^^^^^^^^^^^^^^^^^^^

error: missing documentation for a struct field
   --> crates/logos-cli/src/args.rs:568:9
    |
568 |         investing_sweep_pct: u8,
    |         ^^^^^^^^^^^^^^^^^^^^^^^

error: missing documentation for a variant
   --> crates/logos-cli/src/args.rs:570:5
    |
570 |     MonteCarlo {
    |     ^^^^^^^^^^

error: missing documentation for a struct field
   --> crates/logos-cli/src/args.rs:571:9
    |
571 |         initial_cents: i64,
    |         ^^^^^^^^^^^^^^^^^^

error: missing documentation for a struct field
   --> crates/logos-cli/src/args.rs:572:9
    |
572 |         monthly_contribution_cents: i64,
    |         ^^^^^^^^^^^^^^^^^^^^^^^^^^^^^^^

error: missing documentation for a struct field
   --> crates/logos-cli/src/args.rs:573:9
    |
573 |         annual_mean_return: f64,
    |         ^^^^^^^^^^^^^^^^^^^^^^^

error: missing documentation for a struct field
   --> crates/logos-cli/src/args.rs:574:9
    |
574 |         annual_volatility: f64,
    |         ^^^^^^^^^^^^^^^^^^^^^^

error: missing documentation for a struct field
   --> crates/logos-cli/src/args.rs:575:9
    |
575 |         seed: u64,
    |         ^^^^^^^^^

error: missing documentation for a struct field
   --> crates/logos-cli/src/args.rs:576:9
    |
576 |         months: u16,
    |         ^^^^^^^^^^^

error: missing documentation for a struct field
   --> crates/logos-cli/src/args.rs:577:9
    |
577 |         paths: u32,
    |         ^^^^^^^^^^

error: missing documentation for an enum
   --> crates/logos-cli/src/args.rs:582:1
    |
582 | pub enum ReportCommand {
    | ^^^^^^^^^^^^^^^^^^^^^^

error: missing documentation for a variant
   --> crates/logos-cli/src/args.rs:583:5
    |
583 |     Month {
    |     ^^^^^

error: missing documentation for a struct field
   --> crates/logos-cli/src/args.rs:584:9
    |
584 |         checking_account: String,
    |         ^^^^^^^^^^^^^^^^^^^^^^^^

error: missing documentation for a struct field
   --> crates/logos-cli/src/args.rs:585:9
    |
585 |         month_key: Option<String>,
    |         ^^^^^^^^^^^^^^^^^^^^^^^^^

error: could not document `logos-runtime`
warning: build failed, waiting for other jobs to finish...
error: could not document `logos-tui`
error: could not document `logos-cli`
error: missing documentation for a constant
 --> crates/logos-store-pg/src/migrate.rs:8:1
  |
8 | pub const MIGRATIONS: EmbeddedMigrations = embed_migrations!("migrations");
  | ^^^^^^^^^^^^^^^^^^^^^^^^^^^^^^^^^^^^^^^^
  |
  = note: requested on the command line with `-D missing-docs`

error: missing documentation for a struct
   --> crates/logos-store-pg/src/store.rs:320:1
    |
320 | pub struct PostgresStore {
    | ^^^^^^^^^^^^^^^^^^^^^^^^

error: missing documentation for a method
   --> crates/logos-store-pg/src/store.rs:732:5
    |
732 |     pub fn connection_mut(&self) -> RefMut<'_, PgConnection> {
    |     ^^^^^^^^^^^^^^^^^^^^^^^^^^^^^^^^^^^^^^^^^^^^^^^^^^^^^^^^

error: could not document `logos-store-pg`
