   Compiling cc v1.2.56
   Compiling serde v1.0.228
   Compiling num-traits v0.2.19
    Checking winnow v0.7.14
   Compiling migrations_internals v2.3.0
    Checking chrono v0.4.43
    Checking bitflags v2.11.0
   Compiling migrations_macros v2.3.0
   Compiling pq-src v0.3.11+libpq-18.3
    Checking toml_parser v1.0.9+spec-1.1.0
    Checking logos-core v0.1.0 (/app/crates/logos-core)
    Checking toml v0.9.12+spec-1.1.0
    Checking logos-store v0.1.0 (/app/crates/logos-store)
   Compiling pq-sys v0.7.5
    Checking diesel v2.3.7
    Checking diesel_migrations v2.3.1
 Documenting logos-store-pg v0.1.0 (/app/crates/logos-store-pg)
error: missing documentation for a constant
 --> crates/logos-store-pg/src/migrate.rs:8:1
  |
8 | pub const MIGRATIONS: EmbeddedMigrations = embed_migrations!("migrations");
  | ^^^^^^^^^^^^^^^^^^^^^^^^^^^^^^^^^^^^^^^^
  |
  = note: requested on the command line with `-D missing-docs`

error: missing documentation for a struct
   --> crates/logos-store-pg/src/store.rs:320:1
    |
320 | pub struct PostgresStore {
    | ^^^^^^^^^^^^^^^^^^^^^^^^

error: missing documentation for a method
   --> crates/logos-store-pg/src/store.rs:732:5
    |
732 |     pub fn connection_mut(&self) -> RefMut<'_, PgConnection> {
    |     ^^^^^^^^^^^^^^^^^^^^^^^^^^^^^^^^^^^^^^^^^^^^^^^^^^^^^^^^

error: could not document `logos-store-pg`
